[root@osboxes ~]# kubectl create secret generic app-secret --from-literal=username=admin --from-literal=password=admin321 --dry-run=client -o yaml
apiVersion: v1
data:
  password: YWRtaW4zMjE=
  username: YWRtaW4=
kind: Secret
metadata:
  creationTimestamp: null
  name: app-secret
[root@osboxes ~]#
[root@osboxes ~]#
[root@osboxes ~]#
[root@osboxes ~]# kubectl create secret generic app-secret --from-literal=username=admin --from-literal=password=admin321
secret/app-secret created
[root@osboxes ~]# kubectl get secret
NAME                  TYPE                                  DATA   AGE
app-secret            Opaque                                2      6s
default-token-sswvz   kubernetes.io/service-account-token   3      4d8h



apiVersion: v1
kind: Pod
metadata:
  creationTimestamp: null
  labels:
    run: nginx
  name: nginx
spec:
  containers:
  - image: nginx
    name: nginx
    ports:
    - containerPort: 80
    envFrom:
      - secretRef:
          name: app-secret

    resources: {}
  dnsPolicy: ClusterFirst
  restartPolicy: Never
status: {}

[root@osboxes ~]#
[root@osboxes ~]# kubectl create -f pod.yaml
pod/nginx created

NAME    READY   STATUS    RESTARTS   AGE
nginx   1/1     Running   0          15s
[root@osboxes ~]# kubectl exec nginx env
kubectl exec [POD] [COMMAND] is DEPRECATED and will be removed in a future version. Use kubectl kubectl exec [POD] -- [COMMAND] instead.
PATH=/usr/local/sbin:/usr/local/bin:/usr/sbin:/usr/bin:/sbin:/bin
HOSTNAME=nginx
username=admin
password=admin321
NGINX_PORT_80_TCP_ADDR=10.110.80.201
KUBERNETES_SERVICE_HOST=10.96.0.1
KUBERNETES_SERVICE_PORT_HTTPS=443
KUBERNETES_PORT=tcp://10.96.0.1:443
KUBERNETES_PORT_443_TCP=tcp://10.96.0.1:443
KUBERNETES_PORT_443_TCP_PROTO=tcp
NGINX_SERVICE_HOST=10.110.80.201
NGINX_PORT_80_TCP_PROTO=tcp
KUBERNETES_SERVICE_PORT=443
KUBERNETES_PORT_443_TCP_PORT=443
KUBERNETES_PORT_443_TCP_ADDR=10.96.0.1
NGINX_PORT=tcp://10.110.80.201:80
NGINX_SERVICE_PORT=80
NGINX_PORT_80_TCP=tcp://10.110.80.201:80
NGINX_PORT_80_TCP_PORT=80
NGINX_VERSION=1.17.10
NJS_VERSION=0.3.9
PKG_RELEASE=1~buster
HOME=/root
[root@osboxe


Volume Mounts


apiVersion: v1
kind: Pod
metadata:
  creationTimestamp: null
  labels:
    run: nginx
  name: nginx

spec:
  volumes:
    - name: demofile
      secret:
        secretName: app-secret

  containers:
  - image: nginx
    name: nginx
    ports:
    - containerPort: 80
    volumeMounts:
     - name: demofile
       mountPath: /mydata
    resources: {}
  dnsPolicy: ClusterFirst
  restartPolicy: Never
status: {}


[root@osboxes ~]# kubectl exec nginx sh
kubectl exec [POD] [COMMAND] is DEPRECATED and will be removed in a future version. Use kubectl kubectl exec [POD] -- [COMMAND] instead.
[root@osboxes ~]# kubectl exec -it nginx bash
kubectl exec [POD] [COMMAND] is DEPRECATED and will be removed in a future version. Use kubectl kubectl exec [POD] -- [COMMAND] instead.
root@nginx:/#
root@nginx:/#
root@nginx:/#
root@nginx:/# cd /m
media/  mnt/    mydata/
root@nginx:/# cd /mydata/
root@nginx:/mydata# ll
bash: ll: command not found
root@nginx:/mydata# ls
password  username
root@nginx:/mydata# cat password
admin321root@nginx:/mydata# cat password ;echo
admin321
root@nginx:/mydata# cat password ;echo
admin321
root@nginx:/mydata# cat username ;echo;
admin
